// Jest Snapshot v1, https://goo.gl/fbAQLP

exports[`Gift renders properly 1`] = `
ShallowWrapper {
  "length": 1,
  Symbol(enzyme.__root__): [Circular],
  Symbol(enzyme.__unrendered__): <Gift />,
  Symbol(enzyme.__renderer__): Object {
    "batchedUpdates": [Function],
    "getNode": [Function],
    "render": [Function],
    "simulateEvent": [Function],
    "unmount": [Function],
  },
  Symbol(enzyme.__node__): Object {
    "instance": null,
    "key": undefined,
    "nodeType": "class",
    "props": Object {
      "children": Array [
        <styled.form
          onSubmit={[Function]}
>
          <styled.input
                    name="person"
                    onChange={[Function]}
                    placeholder="please enter gift recipient"
                    type="text"
                    value=""
          />
</styled.form>,
        <styled.button
          onClick={undefined}
          type="submit"
>
          Submit
</styled.button>,
      ],
    },
    "ref": null,
    "rendered": Array [
      Object {
        "instance": null,
        "key": undefined,
        "nodeType": "class",
        "props": Object {
          "children": <styled.input
            name="person"
            onChange={[Function]}
            placeholder="please enter gift recipient"
            type="text"
            value=""
/>,
          "onSubmit": [Function],
        },
        "ref": null,
        "rendered": Object {
          "instance": null,
          "key": undefined,
          "nodeType": "class",
          "props": Object {
            "name": "person",
            "onChange": [Function],
            "placeholder": "please enter gift recipient",
            "type": "text",
            "value": "",
          },
          "ref": null,
          "rendered": null,
          "type": [Function],
        },
        "type": [Function],
      },
      Object {
        "instance": null,
        "key": undefined,
        "nodeType": "class",
        "props": Object {
          "children": "Submit",
          "onClick": undefined,
          "type": "submit",
        },
        "ref": null,
        "rendered": "Submit",
        "type": [Function],
      },
    ],
    "type": [Function],
  },
  Symbol(enzyme.__nodes__): Array [
    Object {
      "instance": null,
      "key": undefined,
      "nodeType": "class",
      "props": Object {
        "children": Array [
          <styled.form
            onSubmit={[Function]}
>
            <styled.input
                        name="person"
                        onChange={[Function]}
                        placeholder="please enter gift recipient"
                        type="text"
                        value=""
            />
</styled.form>,
          <styled.button
            onClick={undefined}
            type="submit"
>
            Submit
</styled.button>,
        ],
      },
      "ref": null,
      "rendered": Array [
        Object {
          "instance": null,
          "key": undefined,
          "nodeType": "class",
          "props": Object {
            "children": <styled.input
              name="person"
              onChange={[Function]}
              placeholder="please enter gift recipient"
              type="text"
              value=""
/>,
            "onSubmit": [Function],
          },
          "ref": null,
          "rendered": Object {
            "instance": null,
            "key": undefined,
            "nodeType": "class",
            "props": Object {
              "name": "person",
              "onChange": [Function],
              "placeholder": "please enter gift recipient",
              "type": "text",
              "value": "",
            },
            "ref": null,
            "rendered": null,
            "type": [Function],
          },
          "type": [Function],
        },
        Object {
          "instance": null,
          "key": undefined,
          "nodeType": "class",
          "props": Object {
            "children": "Submit",
            "onClick": undefined,
            "type": "submit",
          },
          "ref": null,
          "rendered": "Submit",
          "type": [Function],
        },
      ],
      "type": [Function],
    },
  ],
  Symbol(enzyme.__options__): Object {
    "adapter": ReactSixteenAdapter {
      "options": Object {
        "enableComponentDidUpdateOnSetState": true,
      },
    },
  },
}
`;
